------------------------------------------------------------
Timing Analyzer Summary
------------------------------------------------------------

Type  : Slow 1100mV 85C Model Setup 'CLOCK_50'
Slack : -4.802
TNS   : -134.369

Type  : Slow 1100mV 85C Model Setup 'hStage[1]'
Slack : -2.573
TNS   : -53.731

Type  : Slow 1100mV 85C Model Hold 'CLOCK_50'
Slack : 0.361
TNS   : 0.000

Type  : Slow 1100mV 85C Model Hold 'hStage[1]'
Slack : 0.543
TNS   : 0.000

Type  : Slow 1100mV 85C Model Minimum Pulse Width 'CLOCK_50'
Slack : -0.880
TNS   : -19.533

Type  : Slow 1100mV 85C Model Minimum Pulse Width 'hStage[1]'
Slack : -0.394
TNS   : -15.104

Type  : Slow 1100mV 0C Model Setup 'CLOCK_50'
Slack : -5.045
TNS   : -123.702

Type  : Slow 1100mV 0C Model Setup 'hStage[1]'
Slack : -2.484
TNS   : -52.454

Type  : Slow 1100mV 0C Model Hold 'CLOCK_50'
Slack : 0.378
TNS   : 0.000

Type  : Slow 1100mV 0C Model Hold 'hStage[1]'
Slack : 0.552
TNS   : 0.000

Type  : Slow 1100mV 0C Model Minimum Pulse Width 'CLOCK_50'
Slack : -0.880
TNS   : -21.153

Type  : Slow 1100mV 0C Model Minimum Pulse Width 'hStage[1]'
Slack : -0.394
TNS   : -14.854

Type  : Fast 1100mV 85C Model Setup 'CLOCK_50'
Slack : -3.548
TNS   : -100.232

Type  : Fast 1100mV 85C Model Setup 'hStage[1]'
Slack : -1.185
TNS   : -21.478

Type  : Fast 1100mV 85C Model Hold 'CLOCK_50'
Slack : 0.178
TNS   : 0.000

Type  : Fast 1100mV 85C Model Hold 'hStage[1]'
Slack : 0.299
TNS   : 0.000

Type  : Fast 1100mV 85C Model Minimum Pulse Width 'CLOCK_50'
Slack : -0.768
TNS   : -3.858

Type  : Fast 1100mV 85C Model Minimum Pulse Width 'hStage[1]'
Slack : 0.140
TNS   : 0.000

Type  : Fast 1100mV 0C Model Setup 'CLOCK_50'
Slack : -3.073
TNS   : -80.553

Type  : Fast 1100mV 0C Model Setup 'hStage[1]'
Slack : -1.034
TNS   : -18.227

Type  : Fast 1100mV 0C Model Hold 'CLOCK_50'
Slack : 0.168
TNS   : 0.000

Type  : Fast 1100mV 0C Model Hold 'hStage[1]'
Slack : 0.277
TNS   : 0.000

Type  : Fast 1100mV 0C Model Minimum Pulse Width 'CLOCK_50'
Slack : -0.736
TNS   : -3.906

Type  : Fast 1100mV 0C Model Minimum Pulse Width 'hStage[1]'
Slack : 0.133
TNS   : 0.000

------------------------------------------------------------
