------------------------------------------------------------
Timing Analyzer Summary
------------------------------------------------------------

Type  : Slow 1100mV 85C Model Setup 'CLOCK_50'
Slack : -4.241
TNS   : -127.846

Type  : Slow 1100mV 85C Model Setup 'hStage[1]'
Slack : -2.139
TNS   : -58.785

Type  : Slow 1100mV 85C Model Hold 'CLOCK_50'
Slack : 0.362
TNS   : 0.000

Type  : Slow 1100mV 85C Model Hold 'hStage[1]'
Slack : 0.516
TNS   : 0.000

Type  : Slow 1100mV 85C Model Minimum Pulse Width 'CLOCK_50'
Slack : -0.889
TNS   : -19.536

Type  : Slow 1100mV 85C Model Minimum Pulse Width 'hStage[1]'
Slack : -0.394
TNS   : -18.609

Type  : Slow 1100mV 0C Model Setup 'CLOCK_50'
Slack : -4.195
TNS   : -116.661

Type  : Slow 1100mV 0C Model Setup 'hStage[1]'
Slack : -2.072
TNS   : -57.559

Type  : Slow 1100mV 0C Model Hold 'CLOCK_50'
Slack : 0.375
TNS   : 0.000

Type  : Slow 1100mV 0C Model Hold 'hStage[1]'
Slack : 0.545
TNS   : 0.000

Type  : Slow 1100mV 0C Model Minimum Pulse Width 'CLOCK_50'
Slack : -0.897
TNS   : -21.045

Type  : Slow 1100mV 0C Model Minimum Pulse Width 'hStage[1]'
Slack : -0.394
TNS   : -18.856

Type  : Fast 1100mV 85C Model Setup 'CLOCK_50'
Slack : -3.551
TNS   : -97.584

Type  : Fast 1100mV 85C Model Setup 'hStage[1]'
Slack : -0.887
TNS   : -21.651

Type  : Fast 1100mV 85C Model Hold 'CLOCK_50'
Slack : 0.178
TNS   : 0.000

Type  : Fast 1100mV 85C Model Hold 'hStage[1]'
Slack : 0.310
TNS   : 0.000

Type  : Fast 1100mV 85C Model Minimum Pulse Width 'CLOCK_50'
Slack : -0.766
TNS   : -4.055

Type  : Fast 1100mV 85C Model Minimum Pulse Width 'hStage[1]'
Slack : 0.128
TNS   : 0.000

Type  : Fast 1100mV 0C Model Setup 'CLOCK_50'
Slack : -3.062
TNS   : -77.782

Type  : Fast 1100mV 0C Model Setup 'hStage[1]'
Slack : -0.772
TNS   : -18.729

Type  : Fast 1100mV 0C Model Hold 'CLOCK_50'
Slack : 0.168
TNS   : 0.000

Type  : Fast 1100mV 0C Model Hold 'hStage[1]'
Slack : 0.285
TNS   : 0.000

Type  : Fast 1100mV 0C Model Minimum Pulse Width 'CLOCK_50'
Slack : -0.744
TNS   : -4.111

Type  : Fast 1100mV 0C Model Minimum Pulse Width 'hStage[1]'
Slack : 0.154
TNS   : 0.000

------------------------------------------------------------
